// Vitest Snapshot v1, https://vitest.dev/guide/snapshot.html

exports[`Backfill Message Processor > should batch write messages successfully 1`] = `
[
  {
    "PutRequest": {
      "Item": {
        "PK": {
          "S": "DATE#2025-04-26",
        },
        "SK": {
          "S": "USAGE#00:00",
        },
        "consumptionDelta": {
          "N": "452",
        },
        "costDelta": {
          "N": "7.0668",
        },
        "readAt": {
          "S": "2025-04-26T01:00:00+01:00",
        },
      },
    },
  },
  {
    "PutRequest": {
      "Item": {
        "PK": {
          "S": "DATE#2025-04-26",
        },
        "SK": {
          "S": "USAGE#00:30",
        },
        "consumptionDelta": {
          "N": "85",
        },
        "costDelta": {
          "N": "1.3325",
        },
        "readAt": {
          "S": "2025-04-26T01:30:00+01:00",
        },
      },
    },
  },
  {
    "PutRequest": {
      "Item": {
        "PK": {
          "S": "DATE#2025-04-26",
        },
        "SK": {
          "S": "USAGE#01:00",
        },
        "consumptionDelta": {
          "N": "93",
        },
        "costDelta": {
          "N": "1.5028",
        },
        "readAt": {
          "S": "2025-04-26T02:00:00+01:00",
        },
      },
    },
  },
  {
    "PutRequest": {
      "Item": {
        "PK": {
          "S": "DATE#2025-04-26",
        },
        "SK": {
          "S": "USAGE#01:30",
        },
        "consumptionDelta": {
          "N": "107",
        },
        "costDelta": {
          "N": "1.6448",
        },
        "readAt": {
          "S": "2025-04-26T02:30:00+01:00",
        },
      },
    },
  },
  {
    "PutRequest": {
      "Item": {
        "PK": {
          "S": "DATE#2025-04-26",
        },
        "SK": {
          "S": "USAGE#02:00",
        },
        "consumptionDelta": {
          "N": "81",
        },
        "costDelta": {
          "N": "1.2868",
        },
        "readAt": {
          "S": "2025-04-26T03:00:00+01:00",
        },
      },
    },
  },
]
`;

exports[`Backfill Message Processor > should batch write messages successfully 2`] = `
[
  {
    "PutRequest": {
      "Item": {
        "PK": {
          "S": "DATE#2025-04-26",
        },
        "SK": {
          "S": "USAGE#02:30",
        },
        "consumptionDelta": {
          "N": "63",
        },
        "costDelta": {
          "N": "0.9678",
        },
        "readAt": {
          "S": "2025-04-26T03:30:00+01:00",
        },
      },
    },
  },
  {
    "PutRequest": {
      "Item": {
        "PK": {
          "S": "DATE#2025-04-26",
        },
        "SK": {
          "S": "USAGE#03:00",
        },
        "consumptionDelta": {
          "N": "83",
        },
        "costDelta": {
          "N": "1.3543",
        },
        "readAt": {
          "S": "2025-04-26T04:00:00+01:00",
        },
      },
    },
  },
  {
    "PutRequest": {
      "Item": {
        "PK": {
          "S": "DATE#2025-04-26",
        },
        "SK": {
          "S": "USAGE#03:30",
        },
        "consumptionDelta": {
          "N": "58",
        },
        "costDelta": {
          "N": "0.9452",
        },
        "readAt": {
          "S": "2025-04-26T04:30:00+01:00",
        },
      },
    },
  },
  {
    "PutRequest": {
      "Item": {
        "PK": {
          "S": "DATE#2025-04-26",
        },
        "SK": {
          "S": "USAGE#04:00",
        },
        "consumptionDelta": {
          "N": "77",
        },
        "costDelta": {
          "N": "1.2524",
        },
        "readAt": {
          "S": "2025-04-26T05:00:00+01:00",
        },
      },
    },
  },
  {
    "PutRequest": {
      "Item": {
        "PK": {
          "S": "DATE#2025-04-26",
        },
        "SK": {
          "S": "USAGE#04:30",
        },
        "consumptionDelta": {
          "N": "64",
        },
        "costDelta": {
          "N": "1.0134",
        },
        "readAt": {
          "S": "2025-04-26T05:30:00+01:00",
        },
      },
    },
  },
]
`;
