// Vitest Snapshot v1, https://vitest.dev/guide/snapshot.html

exports[`Queries > should use the date param or today when fetching unit rates by tariff 1`] = `
[
  {
    "valid_from": "2025-03-03T22:00:00Z",
    "valid_to": "2025-03-02T00:00:00Z",
    "value_inc_vat": 13.23168,
  },
  {
    "valid_from": "2025-03-03T19:00:00Z",
    "valid_to": "2025-03-03T22:00:00Z",
    "value_inc_vat": 26.98143,
  },
  {
    "valid_from": "2025-03-03T16:00:00Z",
    "valid_to": "2025-03-03T19:00:00Z",
    "value_inc_vat": 40.47225,
  },
  {
    "valid_from": "2025-03-03T13:00:00Z",
    "valid_to": "2025-03-03T16:00:00Z",
    "value_inc_vat": 13.23168,
  },
  {
    "valid_from": "2025-03-03T07:00:00Z",
    "valid_to": "2025-03-03T13:00:00Z",
    "value_inc_vat": 26.98143,
  },
  {
    "valid_from": "2025-03-03T04:00:00Z",
    "valid_to": "2025-03-03T07:00:00Z",
    "value_inc_vat": 13.23168,
  },
  {
    "valid_from": "2025-03-03T00:00:00Z",
    "valid_to": "2025-03-03T04:00:00Z",
    "value_inc_vat": 26.98143,
  },
]
`;

exports[`Queries > should use the date param or today when fetching unit rates by tariff 2`] = `
[
  {
    "valid_from": "2020-03-03T22:00:00Z",
    "valid_to": "2020-03-02T00:00:00Z",
    "value_inc_vat": 13.23168,
  },
]
`;
